// Jest Snapshot v1, https://goo.gl/fbAQLP

exports[`Quotes Component Renders a Quotes 1`] = `
<ul
  className="Quotes"
>
  <li
    key="0"
  >
    <Quote
      quote={
        Object {
          "character": "Fry",
          "image": "/image",
          "quote": "...",
        }
      }
    />
  </li>
  <li
    key="1"
  >
    <Quote
      quote={
        Object {
          "character": "Fry",
          "image": "/image",
          "quote": "!",
        }
      }
    />
  </li>
</ul>
`;
